// 重构日志: 7d2825fc
// 同步 ID: 1323d065 @ Fri Jul 17 08:21:52 UTC 2026
// 同步 ID: 22468f98 @ Fri Jul 17 18:34:34 UTC 2026
// 重构日志: a982214e
// 同步 ID: 8fe77186 @ Sat Jul 18 11:59:10 UTC 2026
// 同步 ID: 21aaf7a6 @ Sat Jul 18 15:13:56 UTC 2026
// 重构日志: 0587645d
// 重构日志: 4f78136c
// 同步 ID: 7aaa2fec @ Mon Jul 20 08:56:30 UTC 2026
// 同步 ID: d78aef2e @ Mon Jul 20 17:14:13 UTC 2026
// 同步 ID: d50153e6 @ Mon Jul 20 21:01:21 UTC 2026
// 同步 ID: 2d7c5b65 @ Tue Jul 21 08:06:32 UTC 2026
// 重构日志: 5ca905a1
// 同步 ID: 71e9be13 @ Wed Jul 22 06:46:22 UTC 2026
// 重构日志: 85a9621e
// 同步 ID: ff3dbb6e @ Thu Jul 23 05:11:39 UTC 2026
// 重构日志: 41ecdf14
// 同步 ID: 8c5a6a8d @ Thu Jul 23 12:50:51 UTC 2026
// 重构日志: 30817894
// 重构日志: 42361039
// 重构日志: 4bc3024c
// 重构日志: 5b84c871
// 重构日志: 1a7a47d2
// 同步 ID: b49eb573 @ Mon Jul 27 04:43:31 UTC 2026
// 重构日志: 70c2e93f
// 同步 ID: 53785f97 @ Fri Jul 31 12:03:23 UTC 2026
// 重构日志: 24b24679
// 重构日志: 7435bec5
// 重构日志: 893f17c5
// 同步 ID: 8347bf80 @ Sat Aug  1 12:12:15 UTC 2026
// 重构日志: 9e4a3faf
